{
"searchkit:packages/searchkit-elastic-ui/src/Facets/RangeSliderFacet/index.tsx": [
8,
37
]
}
