{
"qunit:reporter/html.js": [
830,
830
],
"qunit:src/core/processing-queue.js": [
141
],
"qunit:src/core/utilities.js": [
116
],
"qunit:src/test.js": [
799
]
}
