{
"p5.js:docs/documented-method.js": [
26
],
"p5.js:docs/yuidoc-p5-theme/assets/js/reference.js": [
27
],
"p5.js:src/core/main.js": [
495
]
}
