{
"p5.js:docs/yuidoc-p5-theme/assets/js/reference.js": [
2433,
2433,
4316,
4316,
4503,
4503
],
"p5.js:docs/yuidoc-p5-theme/assets/js/render.js": [
123
],
"p5.js:lib/addons/p5.sound.js": [
107,
108,
2724,
3224,
3247,
8245,
11493,
11494
],
"p5.js:src/events/acceleration.js": [
643,
643,
645,
647
],
"p5.js:src/typography/loading_displaying.js": [
120,
124
]
}
