{
"sizzle:Gruntfile.js": [
1
],
"sizzle:build/release.js": [
2
],
"sizzle:tasks/commit.js": [
4
],
"sizzle:tasks/compile.js": [
3
],
"sizzle:tasks/dist.js": [
5
],
"sizzle:tasks/ensure_ascii.js": [
5
],
"sizzle:tasks/karma-tests.js": [
5
],
"sizzle:tasks/release.js": [
5
],
"sizzle:tasks/tag.js": [
5
],
"sizzle:tasks/test.js": [
3
],
"sizzle:tasks/version.js": [
5
]
}
