{
"Ghost:core/client/app/components/gh-cm-editor.js": [
44
]
}
