{
"redux:examples/async/reducers/index.js": [
16
],
"redux:examples/real-world/reducers/index.js": [
8
],
"redux:examples/real-world/reducers/paginate.js": [
19
],
"redux:test/utils/combineReducers.spec.js": [
137,
188,
191
]
}
