{
"fireact:src/components/Pagination/index.js": [
107
],
"fireact:src/pages/auth/accounts/Plans/index.js": [
90,
90
]
}
