{
"eigen:scripts/changelog/commitChangelog.js": [
31
],
"eigen:scripts/doctor.js": [
40,
57,
66,
75,
84,
93,
118,
130
],
"eigen:scripts/strictness-migration.js": [
75
]
}
