{
"eigen:src/app/Components/ArtworkFilter/Filters/AggregationOptionCommonValidation.tsx": [
32
],
"eigen:src/app/Components/ArtworkFilter/Filters/SortOptions.tests.tsx": [
40
],
"eigen:src/app/Scenes/Artwork/Components/CommercialButtons/helpers.ts": [
22
],
"eigen:src/app/utils/useWebViewEvent.ts": [
58
]
}
