{
"eigen:src/app/Scenes/Artist/ArtistSavedSearch.tests.tsx": [
75
],
"eigen:src/app/Scenes/Artist/SearchCriteria.tests.tsx": [
76,
79
],
"eigen:src/app/Scenes/Artwork/Components/CommercialButtons/InquiryModal.tests.tsx": [
184
],
"eigen:src/app/Scenes/MyProfile/LoggedInUserInfo.tests.tsx": [
47
],
"eigen:src/app/utils/get.ts": [
20
]
}
