{
"moose:renderer/components/DragAndDrop/DragAndDrop.tsx": [
40
]
}
