{
"react-cloud-music:src/application/User/Login/PhoneForm/step-two/index.jsx": [
73
]
}
