{
"prototype:src/prototype/lang/string.js": [
548,
548,
677
]
}
