{
"prototype:src/prototype/deprecated.js": [
234
],
"prototype:src/prototype/dom/selector.js": [
137
]
}
