{
"rxjs:doc/scripts/custom-manual-styles.js": [
2
]
}
