{
"rxjs:src/Notification.ts": [
33,
35,
37,
53,
55,
57
],
"rxjs:src/Observable.ts": [
130
],
"rxjs:src/Subject.ts": [
143,
150,
157
],
"rxjs:src/observable/dom/WebSocketSubject.ts": [
196
],
"rxjs:src/operator/toPromise.ts": [
60
],
"rxjs:src/operator/windowTime.ts": [
257
],
"rxjs:src/operator/zip.ts": [
252
]
}
