{
"underscore:underscore.js": [
311,
1310,
1342
]
}
