{
"ant-design:components/message/__tests__/type.test.tsx": [
21
]
}
