{
"ant-design:components/descriptions/index.tsx": [
35
],
"ant-design:components/grid/row.tsx": [
72
],
"ant-design:components/list/index.tsx": [
226
],
"ant-design:components/table/hooks/useSorter.tsx": [
291
],
"ant-design:components/typography/Base/Ellipsis.tsx": [
37
],
"ant-design:site/theme/template/IconDisplay/IconPicSearcher.tsx": [
76
],
"ant-design:site/theme/template/NotFound.tsx": [
39
]
}
