{
"TypeScript:src/compiler/binder.ts": [
292,
380,
392,
2219,
2237,
2264,
2305,
2407,
2407
],
"TypeScript:src/compiler/checker.ts": [
972,
1406,
1771,
1828,
1848,
2083,
2477,
2478,
2706,
2923,
2933,
3482,
3511,
3529,
3869,
4382,
4421,
4755,
5989,
6455,
6717,
6720,
7634,
7741,
7961,
8023,
11574,
12131,
12206,
12445,
13096,
14275,
14563,
14765,
14886,
15643,
15899,
16104,
17374,
19263,
21672,
23163,
23169,
23561
],
"TypeScript:src/compiler/commandLineParser.ts": [
683,
903,
1043,
1171,
1606
],
"TypeScript:src/compiler/comments.ts": [
49,
50,
118,
133
],
"TypeScript:src/compiler/core.ts": [
1220,
1584,
1688,
1689,
1806,
1956,
1980,
1996,
2083
],
"TypeScript:src/compiler/declarationEmitter.ts": [
286,
1204,
1740
],
"TypeScript:src/compiler/emitter.ts": [
743,
2177,
2693
],
"TypeScript:src/compiler/factory.ts": [
2212,
2213,
2259,
2275,
2291,
2292,
2310,
2323,
2337,
2354,
2409,
2417,
3725,
3726,
3791
],
"TypeScript:src/compiler/moduleNameResolver.ts": [
202,
235,
364,
414,
415,
703,
937,
990,
1006,
1013
],
"TypeScript:src/compiler/parser.ts": [
484
],
"TypeScript:src/compiler/performance.ts": [
5,
59,
68
],
"TypeScript:src/compiler/program.ts": [
589,
632,
665,
702,
703,
1292,
1606
],
"TypeScript:src/compiler/sourcemap.ts": [
322,
323,
361,
362,
363
],
"TypeScript:src/compiler/sys.ts": [
515
],
"TypeScript:src/compiler/transformer.ts": [
45,
78
],
"TypeScript:src/compiler/transformers/es2015.ts": [
611,
1329,
1889,
2979
],
"TypeScript:src/compiler/transformers/es5.ts": [
68
],
"TypeScript:src/compiler/transformers/generators.ts": [
1640,
1657,
1948,
2056
],
"TypeScript:src/compiler/transformers/module/module.ts": [
1484
],
"TypeScript:src/compiler/transformers/module/system.ts": [
1774
],
"TypeScript:src/compiler/transformers/ts.ts": [
864,
1246,
1443,
2569,
2587
],
"TypeScript:src/compiler/tsc.ts": [
310,
381,
381
],
"TypeScript:src/compiler/utilities.ts": [
88,
129,
1477,
1577,
1639,
1674,
2493,
2520,
2823,
3172
],
"TypeScript:src/harness/compilerRunner.ts": [
114
],
"TypeScript:src/harness/fourslash.ts": [
280,
973,
1011,
1031,
1184,
1306,
1898,
1915,
1933,
1934,
1941,
1956,
1972,
1984,
2340
],
"TypeScript:src/harness/harness.ts": [
742,
905,
1591,
1909,
1909,
1964,
1964
],
"TypeScript:src/harness/harnessLanguageService.ts": [
151,
189,
259,
323,
620
],
"TypeScript:src/harness/projectsRunner.ts": [
106,
522
],
"TypeScript:src/harness/runner.ts": [
38
],
"TypeScript:src/harness/virtualFileSystem.ts": [
136,
169,
214
],
"TypeScript:src/server/builder.ts": [
338
],
"TypeScript:src/server/editorServices.ts": [
448,
943,
1373,
1392,
1507
],
"TypeScript:src/server/lsHost.ts": [
75,
81,
192,
197
],
"TypeScript:src/server/project.ts": [
319,
407,
418,
697,
887
],
"TypeScript:src/server/server.ts": [
40,
63
],
"TypeScript:src/server/session.ts": [
609,
610,
805,
1149
],
"TypeScript:src/server/typingsCache.ts": [
83
],
"TypeScript:src/server/typingsInstaller/nodeTypingsInstaller.ts": [
162,
162
],
"TypeScript:src/server/typingsInstaller/typingsInstaller.ts": [
25
],
"TypeScript:src/services/classifier.ts": [
701,
845
],
"TypeScript:src/services/codefixes/disableJsDiagnostics.ts": [
27
],
"TypeScript:src/services/codefixes/helpers.ts": [
60
],
"TypeScript:src/services/codefixes/importFixes.ts": [
251,
278
],
"TypeScript:src/services/completions.ts": [
1182,
1198
],
"TypeScript:src/services/documentHighlights.ts": [
54,
136
],
"TypeScript:src/services/findAllReferences.ts": [
47,
649,
695,
1057,
1155,
1622
],
"TypeScript:src/services/formatting/formatting.ts": [
159,
473
],
"TypeScript:src/services/goToDefinition.ts": [
18
],
"TypeScript:src/services/importTracker.ts": [
105,
328
],
"TypeScript:src/services/jsTyping.ts": [
67
],
"TypeScript:src/services/navigationBar.ts": [
448
],
"TypeScript:src/services/pathCompletions.ts": [
57,
93,
292,
533
],
"TypeScript:src/services/services.ts": [
873,
878,
1003,
1044,
1052,
1053,
1116,
1147,
1214,
1509,
2117
],
"TypeScript:src/services/shims.ts": [
628,
1174
],
"TypeScript:src/services/signatureHelp.ts": [
72,
88
],
"TypeScript:src/services/symbolDisplay.ts": [
85,
279
],
"TypeScript:src/services/utilities.ts": [
181,
219,
1355
]
}
