{
"TypeScript:Gulpfile.ts": [
2,
3,
4,
32
],
"TypeScript:scripts/buildProtocol.ts": [
4
],
"TypeScript:scripts/createBenchmark.ts": [
4,
5
],
"TypeScript:scripts/errorCheck.ts": [
2
],
"TypeScript:scripts/importDefinitelyTypedTests/importDefinitelyTypedTests.ts": [
1,
2,
3
],
"TypeScript:src/compiler/sys.ts": [
101,
102,
103,
104
],
"TypeScript:src/harness/harness.ts": [
71,
90,
512,
513
],
"TypeScript:src/harness/instrumenter.ts": [
2,
3
],
"TypeScript:src/server/server.ts": [
23,
28,
33,
119,
128
],
"TypeScript:src/server/typingsInstaller/nodeTypingsInstaller.ts": [
7,
13,
90
],
"TypeScript:src/server/watchGuard/watchGuard.ts": [
7
]
}
