{
"ace:doc/site/js/main.js": [
129
],
"ace:doc/template/resources/javascripts/jquery.cookie.js": [
57
],
"ace:lib/ace/loader_build.js": [
79
],
"ace:lib/ace/mode/css/csslint.js": [
6565,
6569,
6702,
6780,
7233,
7241,
7286,
7509,
7512,
7562,
8797
],
"ace:lib/ace/mode/html/saxparser.js": [
9971
],
"ace:lib/ace/mode/javascript/jshint.js": [
74,
2387,
18779
],
"ace:lib/ace/mode/yaml/yaml-lint.js": [
84,
3633
],
"ace:lib/ace/worker/worker.js": [
3
],
"ace:src/anchor.js": [
27
],
"ace:src/edit_session.js": [
2182
],
"ace:src/ext/beautify.js": [
85
],
"ace:src/keyboard/vim.js": [
901
],
"ace:src/lib/dom.js": [
283
],
"ace:src/selection.js": [
323
]
}
