{
"ace:Makefile.dryice.js": [
324,
868
],
"ace:demo/kitchen-sink/dev_util.js": [
242,
254
],
"ace:demo/kitchen-sink/doclist.js": [
84
],
"ace:doc/site/js/main.js": [
4
],
"ace:doc/template/resources/javascripts/jquery.cookie.js": [
57
],
"ace:experiments/debug_mem_leak.html": [
22
],
"ace:lib/ace/mode/css/csslint.js": [
688,
918,
1985,
2023,
2054,
2153,
2170,
2529,
2743,
2743,
2744,
5210,
10090
],
"ace:lib/ace/mode/css_worker.js": [
61
],
"ace:lib/ace/mode/html/saxparser.js": [
3444,
3646,
3694,
3720,
3795,
3883,
4332,
5369,
6038,
6148,
6165,
6184,
6617,
6800,
6809,
10037,
10037,
10176
],
"ace:lib/ace/mode/javascript/jshint.js": [
152,
152,
152,
1919,
1919,
1919,
2389,
2413,
4429,
4429,
4429,
5001,
6054,
6316,
6591,
7178,
7928,
8478,
9167,
9305,
12476,
15479,
15785,
18845,
18845,
18845,
18980
],
"ace:lib/ace/mode/json/json_parse.js": [
337
],
"ace:lib/ace/mode/php/php.js": [
1044,
1228,
1255
],
"ace:lib/ace/mode/xml/dom-parser.js": [
249
],
"ace:lib/ace/mode/xquery/jsoniq_lexer.js": [
4268
],
"ace:lib/ace/mode/xquery/xquery_lexer.js": [
4337
],
"ace:lib/ace/mode/yaml/yaml-lint.js": [
1,
542,
644,
928,
1798,
2167,
2406,
3651,
3726,
3741,
3812,
3837,
3853,
4988,
5912,
5912,
5912
],
"ace:src/bidihandler.js": [
64,
210
],
"ace:src/edit_session.js": [
1592,
1706,
1714,
2047,
2303,
2444
],
"ace:src/edit_session/folding.js": [
438,
489,
501,
605
],
"ace:src/editor.js": [
694,
2373,
2393,
2520
],
"ace:src/ext/emmet.js": [
196
],
"ace:src/ext/spellcheck.js": [
57
],
"ace:src/ext/textarea.js": [
174
],
"ace:src/keyboard/vim.js": [
173,
1916,
2456,
3088,
3184,
3390,
3421,
3436,
4138,
4211,
4851,
4902,
5065,
5422,
5752,
6061,
6158,
6187,
6312,
6731,
6800,
6942,
6976
],
"ace:src/keyboard/vscode.js": [
27,
40,
53
],
"ace:src/layer/cursor.js": [
192,
193
],
"ace:src/layer/marker.js": [
29
],
"ace:src/layer/text.js": [
356,
733
],
"ace:src/lib/event.js": [
187,
305
],
"ace:src/line_widgets.js": [
97
],
"ace:src/mode/_test/highlight_rules_test.js": [
158,
181,
294
],
"ace:src/mode/behaviour.js": [
43
],
"ace:src/mode/clojure.js": [
58
],
"ace:src/mode/folding/markdown.js": [
37
],
"ace:src/mode/folding/vbscript.js": [
290
],
"ace:src/mode/javascript_highlight_rules.js": [
463
],
"ace:src/mode/livescript.js": [
30,
34
],
"ace:src/mode/scheme.js": [
58
],
"ace:src/mode/text.js": [
43
],
"ace:src/mode/yaml_highlight_rules.js": [
57
],
"ace:src/multi_select.js": [
583,
599,
802,
807,
812
],
"ace:src/search.js": [
264
],
"ace:src/snippets.js": [
463,
862,
906
],
"ace:src/test/all_browser.js": [
152
],
"ace:src/test/asyncjs/assert.js": [
55
],
"ace:src/test/asyncjs/async.js": [
212,
245,
282,
332,
374
],
"ace:src/test/asyncjs/test.js": [
117
],
"ace:src/tokenizer.js": [
51
],
"ace:src/virtual_renderer.js": [
250,
643,
1411
],
"ace:tool/add_mode.js": [
103
],
"ace:tool/lib.js": [
61
],
"ace:tool/tmlanguage.js": [
279,
685
]
}
