{
"console:src/views/AuthView/AuthView.tsx": [
13
]
}
