{
"vuetify:packages/api-generator/src/web-types.ts": [
37,
47,
63,
105
],
"vuetify:packages/docs/build/api-plugin.ts": [
11,
63
],
"vuetify:packages/docs/src/composables/ad.ts": [
73
],
"vuetify:packages/docs/src/composables/codepen.ts": [
37,
52,
60,
63,
67,
86,
89,
90,
95
],
"vuetify:packages/docs/src/store/ads.ts": [
48
],
"vuetify:packages/docs/src/store/banners.ts": [
77
],
"vuetify:packages/docs/src/store/shopify.ts": [
58
],
"vuetify:packages/docs/src/store/sponsors.ts": [
33
],
"vuetify:packages/docs/src/util/markdown-it-rules.ts": [
8,
17
],
"vuetify:packages/docs/src/util/routes.ts": [
11,
12,
13,
18,
20,
20
],
"vuetify:packages/vuetify/cypress/support/mount.ts": [
58,
66
],
"vuetify:packages/vuetify/cypress/templates/CenteredGrid.tsx": [
4
],
"vuetify:packages/vuetify/src/components/VAlert/VAlert.tsx": [
134,
135,
136,
137
],
"vuetify:packages/vuetify/src/components/VAutocomplete/VAutocomplete.tsx": [
135,
260,
261,
261,
261
],
"vuetify:packages/vuetify/src/components/VBanner/VBanner.tsx": [
80,
81,
81,
88
],
"vuetify:packages/vuetify/src/components/VBreadcrumbs/VBreadcrumbs.tsx": [
83
],
"vuetify:packages/vuetify/src/components/VBreadcrumbs/VBreadcrumbsItem.tsx": [
27
],
"vuetify:packages/vuetify/src/components/VBtn/VBtn.tsx": [
119,
121,
121,
134,
135,
175
],
"vuetify:packages/vuetify/src/components/VCard/VCard.tsx": [
112,
113,
115,
115,
116,
116,
117,
119,
128
],
"vuetify:packages/vuetify/src/components/VCard/VCardItem.tsx": [
41,
41,
42,
42,
43,
44
],
"vuetify:packages/vuetify/src/components/VCheckbox/VCheckbox.tsx": [
39
],
"vuetify:packages/vuetify/src/components/VChip/VChip.tsx": [
152,
152,
153,
154,
155,
155,
182
],
"vuetify:packages/vuetify/src/components/VCombobox/VCombobox.tsx": [
129,
177,
341,
342,
342,
342
],
"vuetify:packages/vuetify/src/components/VDivider/VDivider.tsx": [
65
],
"vuetify:packages/vuetify/src/components/VExpansionPanel/VExpansionPanel.tsx": [
49,
71,
72
],
"vuetify:packages/vuetify/src/components/VField/VField.tsx": [
122,
123,
126,
201,
202,
203,
203
],
"vuetify:packages/vuetify/src/components/VField/VFieldLabel.tsx": [
21
],
"vuetify:packages/vuetify/src/components/VFileInput/VFileInput.tsx": [
121,
158,
195
],
"vuetify:packages/vuetify/src/components/VIcon/VIcon.tsx": [
48
],
"vuetify:packages/vuetify/src/components/VImg/VImg.tsx": [
97,
98,
99,
99,
104,
108,
108,
143,
164,
169,
174
],
"vuetify:packages/vuetify/src/components/VInput/VInput.tsx": [
80,
112,
113,
115
],
"vuetify:packages/vuetify/src/components/VList/VListItem.tsx": [
123,
173,
174,
175,
176,
176,
177,
177,
212
],
"vuetify:packages/vuetify/src/components/VList/VListSubheader.tsx": [
25
],
"vuetify:packages/vuetify/src/components/VMenu/VMenu.tsx": [
51
],
"vuetify:packages/vuetify/src/components/VNavigationDrawer/VNavigationDrawer.tsx": [
143,
168,
202
],
"vuetify:packages/vuetify/src/components/VNavigationDrawer/touch.ts": [
159
],
"vuetify:packages/vuetify/src/components/VOverlay/VOverlay.tsx": [
140,
256
],
"vuetify:packages/vuetify/src/components/VOverlay/locationStrategies.ts": [
321,
322
],
"vuetify:packages/vuetify/src/components/VOverlay/scrollStrategies.ts": [
83
],
"vuetify:packages/vuetify/src/components/VProgressLinear/VProgressLinear.tsx": [
73
],
"vuetify:packages/vuetify/src/components/VRadioGroup/VRadioGroup.tsx": [
58
],
"vuetify:packages/vuetify/src/components/VRangeSlider/VRangeSlider.tsx": [
113,
113,
155,
164
],
"vuetify:packages/vuetify/src/components/VSelect/VSelect.tsx": [
137,
217,
218,
218,
218
],
"vuetify:packages/vuetify/src/components/VSelectionControl/VSelectionControl.tsx": [
156
],
"vuetify:packages/vuetify/src/components/VSelectionControlGroup/VSelectionControlGroup.tsx": [
74,
75
],
"vuetify:packages/vuetify/src/components/VSlideGroup/VSlideGroup.tsx": [
314,
318,
319
],
"vuetify:packages/vuetify/src/components/VSlider/VSlider.tsx": [
75,
86,
86,
127
],
"vuetify:packages/vuetify/src/components/VSlider/VSliderThumb.tsx": [
92
],
"vuetify:packages/vuetify/src/components/VSwitch/VSwitch.tsx": [
61
],
"vuetify:packages/vuetify/src/components/VTextField/VTextField.tsx": [
104,
148,
148,
192,
193,
263
],
"vuetify:packages/vuetify/src/components/VTextarea/VTextarea.tsx": [
75,
103,
189,
189,
207,
238,
239,
308
],
"vuetify:packages/vuetify/src/components/VTimeline/VTimeline.tsx": [
79
],
"vuetify:packages/vuetify/src/components/VToolbar/VToolbar.tsx": [
82,
106,
107,
110
],
"vuetify:packages/vuetify/src/components/VToolbar/VToolbarTitle.tsx": [
28,
28
],
"vuetify:packages/vuetify/src/components/VTooltip/VTooltip.tsx": [
56
],
"vuetify:packages/vuetify/src/components/VWindow/VWindow.tsx": [
148,
149
],
"vuetify:packages/vuetify/src/composables/defaults.ts": [
51
],
"vuetify:packages/vuetify/src/composables/filter.ts": [
79
],
"vuetify:packages/vuetify/src/composables/group.ts": [
115,
332
],
"vuetify:packages/vuetify/src/composables/lazy.ts": [
14,
14
],
"vuetify:packages/vuetify/src/composables/loader.tsx": [
52
],
"vuetify:packages/vuetify/src/composables/nested/nested.ts": [
151
],
"vuetify:packages/vuetify/src/composables/proxiedModel.ts": [
24
],
"vuetify:packages/vuetify/src/composables/router.tsx": [
55,
57,
57
],
"vuetify:packages/vuetify/src/composables/scroll.ts": [
72
],
"vuetify:packages/vuetify/src/composables/theme.ts": [
304
],
"vuetify:packages/vuetify/src/composables/validation.ts": [
74,
115,
115
],
"vuetify:packages/vuetify/src/directives/click-outside/index.ts": [
90
],
"vuetify:packages/vuetify/src/directives/mutate/index.ts": [
11
],
"vuetify:packages/vuetify/src/labs/VDataTable/VDataTableColumn.tsx": [
32
],
"vuetify:packages/vuetify/src/labs/VDataTable/composables/sort.ts": [
131
],
"vuetify:packages/vuetify/src/labs/VVirtualScroll/VVirtualScroll.tsx": [
86,
143
],
"vuetify:packages/vuetify/src/util/anchor.ts": [
22
],
"vuetify:packages/vuetify/src/util/console.ts": [
17,
68,
69,
70
],
"vuetify:packages/vuetify/src/util/getCurrentInstance.ts": [
10,
19
],
"vuetify:packages/vuetify/src/util/helpers.ts": [
551,
551,
551,
551
]
}
