{
"vuetify:packages/docs/src/util/helpers.ts": [
10,
11
],
"vuetify:packages/vuetify/src/components/VAutocomplete/VAutocomplete.tsx": [
42,
43,
44
],
"vuetify:packages/vuetify/src/components/VCombobox/VCombobox.tsx": [
44,
45,
46
],
"vuetify:packages/vuetify/src/components/VDatePicker/util/sanitizeDateString.ts": [
7
],
"vuetify:packages/vuetify/src/composables/theme.ts": [
335
],
"vuetify:packages/vuetify/src/directives/ripple/index.ts": [
20,
253,
253
],
"vuetify:packages/vuetify/src/util/colorUtils.ts": [
152
],
"vuetify:packages/vuetify/src/util/helpers.ts": [
347
]
}
