{
"vuetify:packages/vuetify/src/components/VOverlay/useActivator.tsx": [
280
]
}
