{
"vuetify:packages/vuetify/src/composables/group.ts": [
314
],
"vuetify:packages/vuetify/src/composables/intersectionObserver.ts": [
13
],
"vuetify:packages/vuetify/src/labs/VDataTable/VDataTableHeaders.tsx": [
74
]
}
