{
"watchtower.js:karma.conf.js": [
44
],
"watchtower.js:lib/gulp/karma/background.js": [
6
]
}
