{
"sonar-web:src/main/js/components/common/file-upload.js": [
33
],
"sonar-web:src/main/js/components/workspace/models/items.js": [
24
],
"sonar-web:src/main/js/main/nav/component/recent-history.js": [
14
]
}
