{
"courselit:packages/rich-text/src/index.js": [
24
]
}
